graph=ffn_inp->rms_norm->norm_out->{gate_matmul,up_matmul}->{gate_out,up_out}->swiglu->mul_out->down_matmul->ffn_out
value_consumers=ffn_inp:1 norm_out:2 gate_out:1 up_out:1 mul_out:1 ffn_out:0
plan_state completed= active_weight_bytes_before_plan=0 active_weight_bytes_after_plan=0 active_lease_count_before_plan=0 active_lease_count_after_plan=0 storage_calls_before=0 storage_calls_after=0 byte_budget=18446744073709551615
visible_candidate tensor=blk.0.ffn_norm.weight required_by=rms_norm distance=0 bytes=8192 resident=0
visible_candidate tensor=blk.0.ffn_gate.weight required_by=gate_matmul distance=1 bytes=4377600 resident=0
visible_candidate tensor=blk.0.ffn_up.weight required_by=up_matmul distance=1 bytes=4377600 resident=0
visible_candidate tensor=blk.0.ffn_down.weight required_by=down_matmul distance=3 bytes=12607488 resident=0
selected_candidates=blk.0.ffn_norm.weight,blk.0.ffn_gate.weight,blk.0.ffn_up.weight,blk.0.ffn_down.weight total_planned_bytes=21370880
budget_case budget=0 selected= total=0
budget_case budget=8191 selected= total=0
budget_case budget=8192 selected=blk.0.ffn_norm.weight total=8192
budget_case budget=4385792 selected=blk.0.ffn_norm.weight,blk.0.ffn_gate.weight total=4385792
budget_case budget=21370880 selected=blk.0.ffn_norm.weight,blk.0.ffn_gate.weight,blk.0.ffn_up.weight,blk.0.ffn_down.weight total=21370880
plan_state completed=rms_norm active_weight_bytes_before_plan=0 active_weight_bytes_after_plan=0 active_lease_count_before_plan=0 active_lease_count_after_plan=0 storage_calls_before=2 storage_calls_after=2 byte_budget=18446744073709551615
visible_candidate tensor=blk.0.ffn_gate.weight required_by=gate_matmul distance=0 bytes=4377600 resident=0
visible_candidate tensor=blk.0.ffn_up.weight required_by=up_matmul distance=0 bytes=4377600 resident=0
visible_candidate tensor=blk.0.ffn_down.weight required_by=down_matmul distance=2 bytes=12607488 resident=0
selected_candidates=blk.0.ffn_gate.weight,blk.0.ffn_up.weight,blk.0.ffn_down.weight total_planned_bytes=21362688
plan_state completed=rms_norm,gate_matmul active_weight_bytes_before_plan=0 active_weight_bytes_after_plan=0 active_lease_count_before_plan=0 active_lease_count_after_plan=0 storage_calls_before=4 storage_calls_after=4 byte_budget=18446744073709551615
visible_candidate tensor=blk.0.ffn_up.weight required_by=up_matmul distance=0 bytes=4377600 resident=0
visible_candidate tensor=blk.0.ffn_down.weight required_by=down_matmul distance=2 bytes=12607488 resident=0
selected_candidates=blk.0.ffn_up.weight,blk.0.ffn_down.weight total_planned_bytes=16985088
plan_state completed=rms_norm,gate_matmul,up_matmul active_weight_bytes_before_plan=0 active_weight_bytes_after_plan=0 active_lease_count_before_plan=0 active_lease_count_after_plan=0 storage_calls_before=6 storage_calls_after=6 byte_budget=18446744073709551615
visible_candidate tensor=blk.0.ffn_down.weight required_by=down_matmul distance=1 bytes=12607488 resident=0
selected_candidates=blk.0.ffn_down.weight total_planned_bytes=12607488
plan_state completed=rms_norm,gate_matmul,up_matmul,swiglu active_weight_bytes_before_plan=0 active_weight_bytes_after_plan=0 active_lease_count_before_plan=0 active_lease_count_after_plan=0 storage_calls_before=8 storage_calls_after=8 byte_budget=18446744073709551615
visible_candidate tensor=blk.0.ffn_down.weight required_by=down_matmul distance=0 bytes=12607488 resident=0
selected_candidates=blk.0.ffn_down.weight total_planned_bytes=12607488
step=1 op_id=rms_norm op_kind=RMSNorm runnable_before=rms_norm persistent_acquired=blk.0.ffn_norm.weight persistent_released=blk.0.ffn_norm.weight input_values_consumed=ffn_inp output_values_produced=norm_out values_released=ffn_inp active_weight_bytes_during=8192 active_tensor_count_during=1 active_weight_bytes_after=0 active_tensor_count_after=0 active_transient_bytes=16384
step=2 op_id=gate_matmul op_kind=MatMul runnable_before=gate_matmul,up_matmul persistent_acquired=blk.0.ffn_gate.weight persistent_released=blk.0.ffn_gate.weight input_values_consumed=norm_out output_values_produced=gate_out values_released= active_weight_bytes_during=4377600 active_tensor_count_during=1 active_weight_bytes_after=0 active_tensor_count_after=0 active_transient_bytes=103936
step=3 op_id=up_matmul op_kind=MatMul runnable_before=up_matmul persistent_acquired=blk.0.ffn_up.weight persistent_released=blk.0.ffn_up.weight input_values_consumed=norm_out output_values_produced=up_out values_released=norm_out active_weight_bytes_during=4377600 active_tensor_count_during=1 active_weight_bytes_after=0 active_tensor_count_after=0 active_transient_bytes=175104
step=4 op_id=swiglu op_kind=SwiGLU runnable_before=swiglu persistent_acquired= persistent_released= input_values_consumed=gate_out,up_out output_values_produced=mul_out values_released=gate_out,up_out active_weight_bytes_during=0 active_tensor_count_during=0 active_weight_bytes_after=0 active_tensor_count_after=0 active_transient_bytes=87552
step=5 op_id=down_matmul op_kind=MatMul runnable_before=down_matmul persistent_acquired=blk.0.ffn_down.weight persistent_released=blk.0.ffn_down.weight input_values_consumed=mul_out output_values_produced=ffn_out values_released=mul_out active_weight_bytes_during=12607488 active_tensor_count_during=1 active_weight_bytes_after=0 active_tensor_count_after=0 active_transient_bytes=16384
lifetime tensor=blk.0.ffn_norm.weight consumers=1 first=rms_norm last=rms_norm acquire_step=1 release_step=1 duration_steps=1 bytes=8192
lifetime tensor=blk.0.ffn_gate.weight consumers=1 first=gate_matmul last=gate_matmul acquire_step=2 release_step=2 duration_steps=1 bytes=4377600
lifetime tensor=blk.0.ffn_up.weight consumers=1 first=up_matmul last=up_matmul acquire_step=3 release_step=3 duration_steps=1 bytes=4377600
lifetime tensor=blk.0.ffn_down.weight consumers=1 first=down_matmul last=down_matmul acquire_step=5 release_step=5 duration_steps=1 bytes=12607488
total_model_bytes=4993331814 total_ffn_weight_bytes=21370880 peak_active_weight_bytes=12607488 sum_acquired_weight_bytes=21370880 persistent_leases_after_graph=0 external_output_survives_graph_release=1 output_shape=[2048,2]
parity=activation elements=21888 max_abs=4.47035e-08 max_rel=0.00241219 mean_abs=7.10122e-10 actual_hash=59eba05ae514d7a6 reference_hash=51126d8e000bd61a
parity=output elements=4096 max_abs=1.78814e-07 max_rel=0.00196622 mean_abs=1.39676e-08 actual_hash=4a6526893cc2f652 reference_hash=00edbc8c56555043
