-- The C compiler identification is GNU 14.2.0
-- The CXX compiler identification is GNU 14.2.0
-- Detecting C compiler ABI info
-- Detecting C compiler ABI info - done
-- Check for working C compiler: /usr/bin/gcc-14 - skipped
-- Detecting C compile features
-- Detecting C compile features - done
-- Detecting CXX compiler ABI info
-- Detecting CXX compiler ABI info - done
-- Check for working CXX compiler: /usr/bin/g++-14 - skipped
-- Detecting CXX compile features
-- Detecting CXX compile features - done
-- The ASM compiler identification is GNU
-- Found assembler: /usr/bin/gcc-14
-- Performing Test CMAKE_HAVE_LIBC_PTHREAD
-- Performing Test CMAKE_HAVE_LIBC_PTHREAD - Success
-- Found Threads: TRUE  
-- Warning: ccache not found - consider installing it for faster compilation or disable this warning with GGML_CCACHE=OFF
-- CMAKE_SYSTEM_PROCESSOR: riscv64
-- GGML_SYSTEM_ARCH: riscv64
-- Including CPU backend
-- riscv64 detected
-- Adding CPU backend variant ggml-cpu: -march=rv64gcv_zfh_zvfh_zicbop_zihintpause;-mabi=lp64d 
-- ggml version: 0.20.0
-- ggml commit:  2d191b5d
-- vBuf native substrate
--   ggml source: /tmp/opencode/vbuf-ml-adapter-rvv-gcc14-region/build/_deps/ggml_source-src
--   ggml commit: 2d191b5dee1a591c41ee8a653ce42bfcd9c8716d
--   CUDA: OFF
--   CPU_REPACK: OFF
--   vBuf-ML library: /home/eugen/projekte/vBuf/rust/target/release/libvbuf_ml.so
-- Configuring done (24.3s)
-- Generating done (0.1s)
-- Build files have been written to: /tmp/opencode/vbuf-ml-adapter-rvv-gcc14-region/build
