router_tensor=blk.1.ffn_gate_inp.weight dimensions=[2048,64] offset=99094944 bytes=524288 top_k=6 expert_count=64
weighting_rule=softmax_all_logits_then_selected_topk_renormalize
router_score_parity max_abs=0 max_rel=0 mean_abs=0 tolerance=1e-5
router_score_parity max_abs=0 max_rel=0 mean_abs=0 tolerance=1e-5
activation_a_topk=37,21,31,54,6,33 scores=0.130859,0.125,0.124512,0.115723,0.104492,0.0996094, normalized_weights=0.169033,0.168045,0.167963,0.166493,0.164634,0.163832,
activation_b_topk=3,53,47,5,20,35 scores=0.0776367,0.0708008,0.0566406,0.0532227,0.0449219,0.0397949, normalized_weights=0.170098,0.168939,0.166564,0.165995,0.164623,0.163781,
activation_a_cold expert_rank=0 expert_id=37 router_rank=0 graph_created=YES graph_refs=gate:0,up:1,down:2 storage_ref_base=111 score_preserved=YES
activation_a_cold expert_id=37 selected_range tensor=blk.1.ffn_gate_exps.weight offset=124602848 bytes=563200 layout=DIRECT
activation_a_cold expert_id=37 selected_range tensor=blk.1.ffn_up_exps.weight offset=160647664 bytes=563200 layout=DIRECT
activation_a_cold expert_id=37 selected_range tensor=blk.1.ffn_down_exps.weight offset=235868672 bytes=1622016 layout=DIRECT
activation_a_cold prefetch expert_id=37 tensor=blk.1.ffn_gate_exps.weight dependency_distance=0
activation_a_cold prefetch expert_id=37 tensor=blk.1.ffn_up_exps.weight dependency_distance=0
activation_a_cold prefetch expert_id=37 tensor=blk.1.ffn_down_exps.weight dependency_distance=2
expert_parity max_abs=0 max_rel=0 mean_abs=0 tolerance=1e-5
activation_a_cold expert_id=37 consumer_wait=not_instrumented acquire_release=recorded peak_active=1622016 peak_resident=2748416
activation_a_cold expert_rank=1 expert_id=21 router_rank=1 graph_created=YES graph_refs=gate:0,up:1,down:2 storage_ref_base=63 score_preserved=YES
activation_a_cold expert_id=21 selected_range tensor=blk.1.ffn_gate_exps.weight offset=115591648 bytes=563200 layout=DIRECT
activation_a_cold expert_id=21 selected_range tensor=blk.1.ffn_up_exps.weight offset=151636464 bytes=563200 layout=DIRECT
activation_a_cold expert_id=21 selected_range tensor=blk.1.ffn_down_exps.weight offset=209916416 bytes=1622016 layout=DIRECT
activation_a_cold prefetch expert_id=21 tensor=blk.1.ffn_gate_exps.weight dependency_distance=0
activation_a_cold prefetch expert_id=21 tensor=blk.1.ffn_up_exps.weight dependency_distance=0
activation_a_cold prefetch expert_id=21 tensor=blk.1.ffn_down_exps.weight dependency_distance=2
expert_parity max_abs=0 max_rel=0 mean_abs=0 tolerance=1e-5
activation_a_cold expert_id=21 consumer_wait=not_instrumented acquire_release=recorded peak_active=1622016 peak_resident=5496832
activation_a_cold expert_rank=2 expert_id=31 router_rank=2 graph_created=YES graph_refs=gate:0,up:1,down:2 storage_ref_base=93 score_preserved=YES
activation_a_cold expert_id=31 selected_range tensor=blk.1.ffn_gate_exps.weight offset=121223648 bytes=563200 layout=DIRECT
activation_a_cold expert_id=31 selected_range tensor=blk.1.ffn_up_exps.weight offset=157268464 bytes=563200 layout=DIRECT
activation_a_cold expert_id=31 selected_range tensor=blk.1.ffn_down_exps.weight offset=226136576 bytes=1622016 layout=DIRECT
activation_a_cold prefetch expert_id=31 tensor=blk.1.ffn_gate_exps.weight dependency_distance=0
activation_a_cold prefetch expert_id=31 tensor=blk.1.ffn_up_exps.weight dependency_distance=0
activation_a_cold prefetch expert_id=31 tensor=blk.1.ffn_down_exps.weight dependency_distance=2
expert_parity max_abs=0 max_rel=0 mean_abs=0 tolerance=1e-5
activation_a_cold expert_id=31 consumer_wait=not_instrumented acquire_release=recorded peak_active=1622016 peak_resident=8245248
activation_a_cold expert_rank=3 expert_id=54 router_rank=3 graph_created=YES graph_refs=gate:0,up:1,down:2 storage_ref_base=162 score_preserved=YES
activation_a_cold expert_id=54 selected_range tensor=blk.1.ffn_gate_exps.weight offset=134177248 bytes=563200 layout=DIRECT
activation_a_cold expert_id=54 selected_range tensor=blk.1.ffn_up_exps.weight offset=170222064 bytes=563200 layout=DIRECT
activation_a_cold expert_id=54 selected_range tensor=blk.1.ffn_down_exps.weight offset=263442944 bytes=1622016 layout=DIRECT
activation_a_cold prefetch expert_id=54 tensor=blk.1.ffn_gate_exps.weight dependency_distance=0
activation_a_cold prefetch expert_id=54 tensor=blk.1.ffn_up_exps.weight dependency_distance=0
activation_a_cold prefetch expert_id=54 tensor=blk.1.ffn_down_exps.weight dependency_distance=2
expert_parity max_abs=0 max_rel=0 mean_abs=0 tolerance=1e-5
activation_a_cold expert_id=54 consumer_wait=not_instrumented acquire_release=recorded peak_active=1622016 peak_resident=8245248
activation_a_cold expert_rank=4 expert_id=6 router_rank=4 graph_created=YES graph_refs=gate:0,up:1,down:2 storage_ref_base=18 score_preserved=YES
activation_a_cold expert_id=6 selected_range tensor=blk.1.ffn_gate_exps.weight offset=107143648 bytes=563200 layout=DIRECT
activation_a_cold expert_id=6 selected_range tensor=blk.1.ffn_up_exps.weight offset=143188464 bytes=563200 layout=DIRECT
activation_a_cold expert_id=6 selected_range tensor=blk.1.ffn_down_exps.weight offset=185586176 bytes=1622016 layout=DIRECT
activation_a_cold prefetch expert_id=6 tensor=blk.1.ffn_gate_exps.weight dependency_distance=0
activation_a_cold prefetch expert_id=6 tensor=blk.1.ffn_up_exps.weight dependency_distance=0
activation_a_cold prefetch expert_id=6 tensor=blk.1.ffn_down_exps.weight dependency_distance=2
expert_parity max_abs=0 max_rel=0 mean_abs=0 tolerance=1e-5
activation_a_cold expert_id=6 consumer_wait=not_instrumented acquire_release=recorded peak_active=1622016 peak_resident=8245248
activation_a_cold expert_rank=5 expert_id=33 router_rank=5 graph_created=YES graph_refs=gate:0,up:1,down:2 storage_ref_base=99 score_preserved=YES
activation_a_cold expert_id=33 selected_range tensor=blk.1.ffn_gate_exps.weight offset=122350048 bytes=563200 layout=DIRECT
activation_a_cold expert_id=33 selected_range tensor=blk.1.ffn_up_exps.weight offset=158394864 bytes=563200 layout=DIRECT
activation_a_cold expert_id=33 selected_range tensor=blk.1.ffn_down_exps.weight offset=229380608 bytes=1622016 layout=DIRECT
activation_a_cold prefetch expert_id=33 tensor=blk.1.ffn_gate_exps.weight dependency_distance=0
activation_a_cold prefetch expert_id=33 tensor=blk.1.ffn_up_exps.weight dependency_distance=0
activation_a_cold prefetch expert_id=33 tensor=blk.1.ffn_down_exps.weight dependency_distance=2
expert_parity max_abs=0 max_rel=0 mean_abs=0 tolerance=1e-5
activation_a_cold expert_id=33 consumer_wait=not_instrumented acquire_release=recorded peak_active=1622016 peak_resident=8245248
activation_a_cold residency_hits=39 residency_misses=39 source_reads=15 materialization_requests=15 source_policy_calls=15 evictions=9 resident_tensors_after=9
weighted_merge_parity max_abs=0 max_rel=0 mean_abs=0 tolerance=1e-5
activation_a_cold selected_count=6 executed_count=6 final_merge=PASS weights=0.169033,0.168045,0.167963,0.166493,0.164634,0.163832,
activation_a_warm expert_rank=0 expert_id=37 router_rank=0 graph_created=YES graph_refs=gate:0,up:1,down:2 storage_ref_base=111 score_preserved=YES
activation_a_warm expert_id=37 selected_range tensor=blk.1.ffn_gate_exps.weight offset=124602848 bytes=563200 layout=DIRECT
activation_a_warm expert_id=37 selected_range tensor=blk.1.ffn_up_exps.weight offset=160647664 bytes=563200 layout=DIRECT
activation_a_warm expert_id=37 selected_range tensor=blk.1.ffn_down_exps.weight offset=235868672 bytes=1622016 layout=DIRECT
activation_a_warm prefetch expert_id=37 tensor=blk.1.ffn_gate_exps.weight dependency_distance=0
activation_a_warm prefetch expert_id=37 tensor=blk.1.ffn_up_exps.weight dependency_distance=0
activation_a_warm prefetch expert_id=37 tensor=blk.1.ffn_down_exps.weight dependency_distance=2
expert_parity max_abs=0 max_rel=0 mean_abs=0 tolerance=1e-5
activation_a_warm expert_id=37 consumer_wait=not_instrumented acquire_release=recorded peak_active=1622016 peak_resident=8245248
activation_a_warm expert_rank=1 expert_id=21 router_rank=1 graph_created=YES graph_refs=gate:0,up:1,down:2 storage_ref_base=63 score_preserved=YES
activation_a_warm expert_id=21 selected_range tensor=blk.1.ffn_gate_exps.weight offset=115591648 bytes=563200 layout=DIRECT
activation_a_warm expert_id=21 selected_range tensor=blk.1.ffn_up_exps.weight offset=151636464 bytes=563200 layout=DIRECT
activation_a_warm expert_id=21 selected_range tensor=blk.1.ffn_down_exps.weight offset=209916416 bytes=1622016 layout=DIRECT
activation_a_warm prefetch expert_id=21 tensor=blk.1.ffn_gate_exps.weight dependency_distance=0
activation_a_warm prefetch expert_id=21 tensor=blk.1.ffn_up_exps.weight dependency_distance=0
activation_a_warm prefetch expert_id=21 tensor=blk.1.ffn_down_exps.weight dependency_distance=2
expert_parity max_abs=0 max_rel=0 mean_abs=0 tolerance=1e-5
activation_a_warm expert_id=21 consumer_wait=not_instrumented acquire_release=recorded peak_active=1622016 peak_resident=8245248
activation_a_warm expert_rank=2 expert_id=31 router_rank=2 graph_created=YES graph_refs=gate:0,up:1,down:2 storage_ref_base=93 score_preserved=YES
activation_a_warm expert_id=31 selected_range tensor=blk.1.ffn_gate_exps.weight offset=121223648 bytes=563200 layout=DIRECT
activation_a_warm expert_id=31 selected_range tensor=blk.1.ffn_up_exps.weight offset=157268464 bytes=563200 layout=DIRECT
activation_a_warm expert_id=31 selected_range tensor=blk.1.ffn_down_exps.weight offset=226136576 bytes=1622016 layout=DIRECT
activation_a_warm prefetch expert_id=31 tensor=blk.1.ffn_gate_exps.weight dependency_distance=0
activation_a_warm prefetch expert_id=31 tensor=blk.1.ffn_up_exps.weight dependency_distance=0
activation_a_warm prefetch expert_id=31 tensor=blk.1.ffn_down_exps.weight dependency_distance=2
expert_parity max_abs=0 max_rel=0 mean_abs=0 tolerance=1e-5
activation_a_warm expert_id=31 consumer_wait=not_instrumented acquire_release=recorded peak_active=1622016 peak_resident=8245248
activation_a_warm expert_rank=3 expert_id=54 router_rank=3 graph_created=YES graph_refs=gate:0,up:1,down:2 storage_ref_base=162 score_preserved=YES
activation_a_warm expert_id=54 selected_range tensor=blk.1.ffn_gate_exps.weight offset=134177248 bytes=563200 layout=DIRECT
activation_a_warm expert_id=54 selected_range tensor=blk.1.ffn_up_exps.weight offset=170222064 bytes=563200 layout=DIRECT
activation_a_warm expert_id=54 selected_range tensor=blk.1.ffn_down_exps.weight offset=263442944 bytes=1622016 layout=DIRECT
activation_a_warm prefetch expert_id=54 tensor=blk.1.ffn_gate_exps.weight dependency_distance=0
activation_a_warm prefetch expert_id=54 tensor=blk.1.ffn_up_exps.weight dependency_distance=0
activation_a_warm prefetch expert_id=54 tensor=blk.1.ffn_down_exps.weight dependency_distance=2
expert_parity max_abs=0 max_rel=0 mean_abs=0 tolerance=1e-5
activation_a_warm expert_id=54 consumer_wait=not_instrumented acquire_release=recorded peak_active=1622016 peak_resident=8245248
activation_a_warm expert_rank=4 expert_id=6 router_rank=4 graph_created=YES graph_refs=gate:0,up:1,down:2 storage_ref_base=18 score_preserved=YES
activation_a_warm expert_id=6 selected_range tensor=blk.1.ffn_gate_exps.weight offset=107143648 bytes=563200 layout=DIRECT
activation_a_warm expert_id=6 selected_range tensor=blk.1.ffn_up_exps.weight offset=143188464 bytes=563200 layout=DIRECT
activation_a_warm expert_id=6 selected_range tensor=blk.1.ffn_down_exps.weight offset=185586176 bytes=1622016 layout=DIRECT
activation_a_warm prefetch expert_id=6 tensor=blk.1.ffn_gate_exps.weight dependency_distance=0
activation_a_warm prefetch expert_id=6 tensor=blk.1.ffn_up_exps.weight dependency_distance=0
activation_a_warm prefetch expert_id=6 tensor=blk.1.ffn_down_exps.weight dependency_distance=2
expert_parity max_abs=0 max_rel=0 mean_abs=0 tolerance=1e-5
activation_a_warm expert_id=6 consumer_wait=not_instrumented acquire_release=recorded peak_active=1622016 peak_resident=8245248
activation_a_warm expert_rank=5 expert_id=33 router_rank=5 graph_created=YES graph_refs=gate:0,up:1,down:2 storage_ref_base=99 score_preserved=YES
activation_a_warm expert_id=33 selected_range tensor=blk.1.ffn_gate_exps.weight offset=122350048 bytes=563200 layout=DIRECT
activation_a_warm expert_id=33 selected_range tensor=blk.1.ffn_up_exps.weight offset=158394864 bytes=563200 layout=DIRECT
activation_a_warm expert_id=33 selected_range tensor=blk.1.ffn_down_exps.weight offset=229380608 bytes=1622016 layout=DIRECT
activation_a_warm prefetch expert_id=33 tensor=blk.1.ffn_gate_exps.weight dependency_distance=0
activation_a_warm prefetch expert_id=33 tensor=blk.1.ffn_up_exps.weight dependency_distance=0
activation_a_warm prefetch expert_id=33 tensor=blk.1.ffn_down_exps.weight dependency_distance=2
expert_parity max_abs=0 max_rel=0 mean_abs=0 tolerance=1e-5
activation_a_warm expert_id=33 consumer_wait=not_instrumented acquire_release=recorded peak_active=1622016 peak_resident=8245248
activation_a_warm residency_hits=36 residency_misses=24 source_reads=2 materialization_requests=2 source_policy_calls=11 evictions=2 resident_tensors_after=9
weighted_merge_parity max_abs=0 max_rel=0 mean_abs=0 tolerance=1e-5
activation_a_warm selected_count=6 executed_count=6 final_merge=PASS weights=0.169033,0.168045,0.167963,0.166493,0.164634,0.163832,
activation_b expert_rank=0 expert_id=3 router_rank=0 graph_created=YES graph_refs=gate:0,up:1,down:2 storage_ref_base=9 score_preserved=YES
activation_b expert_id=3 selected_range tensor=blk.1.ffn_gate_exps.weight offset=105454048 bytes=563200 layout=DIRECT
activation_b expert_id=3 selected_range tensor=blk.1.ffn_up_exps.weight offset=141498864 bytes=563200 layout=DIRECT
activation_b expert_id=3 selected_range tensor=blk.1.ffn_down_exps.weight offset=180720128 bytes=1622016 layout=DIRECT
activation_b prefetch expert_id=3 tensor=blk.1.ffn_gate_exps.weight dependency_distance=0
activation_b prefetch expert_id=3 tensor=blk.1.ffn_up_exps.weight dependency_distance=0
activation_b prefetch expert_id=3 tensor=blk.1.ffn_down_exps.weight dependency_distance=2
expert_parity max_abs=0 max_rel=0 mean_abs=0 tolerance=1e-5
activation_b expert_id=3 consumer_wait=not_instrumented acquire_release=recorded peak_active=1622016 peak_resident=8245248
activation_b expert_rank=1 expert_id=53 router_rank=1 graph_created=YES graph_refs=gate:0,up:1,down:2 storage_ref_base=159 score_preserved=YES
activation_b expert_id=53 selected_range tensor=blk.1.ffn_gate_exps.weight offset=133614048 bytes=563200 layout=DIRECT
activation_b expert_id=53 selected_range tensor=blk.1.ffn_up_exps.weight offset=169658864 bytes=563200 layout=DIRECT
activation_b expert_id=53 selected_range tensor=blk.1.ffn_down_exps.weight offset=261820928 bytes=1622016 layout=DIRECT
activation_b prefetch expert_id=53 tensor=blk.1.ffn_gate_exps.weight dependency_distance=0
activation_b prefetch expert_id=53 tensor=blk.1.ffn_up_exps.weight dependency_distance=0
activation_b prefetch expert_id=53 tensor=blk.1.ffn_down_exps.weight dependency_distance=2
expert_parity max_abs=0 max_rel=0 mean_abs=0 tolerance=1e-5
activation_b expert_id=53 consumer_wait=not_instrumented acquire_release=recorded peak_active=1622016 peak_resident=8245248
activation_b expert_rank=2 expert_id=47 router_rank=2 graph_created=YES graph_refs=gate:0,up:1,down:2 storage_ref_base=141 score_preserved=YES
activation_b expert_id=47 selected_range tensor=blk.1.ffn_gate_exps.weight offset=130234848 bytes=563200 layout=DIRECT
activation_b expert_id=47 selected_range tensor=blk.1.ffn_up_exps.weight offset=166279664 bytes=563200 layout=DIRECT
activation_b expert_id=47 selected_range tensor=blk.1.ffn_down_exps.weight offset=252088832 bytes=1622016 layout=DIRECT
activation_b prefetch expert_id=47 tensor=blk.1.ffn_gate_exps.weight dependency_distance=0
activation_b prefetch expert_id=47 tensor=blk.1.ffn_up_exps.weight dependency_distance=0
activation_b prefetch expert_id=47 tensor=blk.1.ffn_down_exps.weight dependency_distance=2
expert_parity max_abs=0 max_rel=0 mean_abs=0 tolerance=1e-5
activation_b expert_id=47 consumer_wait=not_instrumented acquire_release=recorded peak_active=1622016 peak_resident=8245248
activation_b expert_rank=3 expert_id=5 router_rank=3 graph_created=YES graph_refs=gate:0,up:1,down:2 storage_ref_base=15 score_preserved=YES
activation_b expert_id=5 selected_range tensor=blk.1.ffn_gate_exps.weight offset=106580448 bytes=563200 layout=DIRECT
activation_b expert_id=5 selected_range tensor=blk.1.ffn_up_exps.weight offset=142625264 bytes=563200 layout=DIRECT
activation_b expert_id=5 selected_range tensor=blk.1.ffn_down_exps.weight offset=183964160 bytes=1622016 layout=DIRECT
activation_b prefetch expert_id=5 tensor=blk.1.ffn_gate_exps.weight dependency_distance=0
activation_b prefetch expert_id=5 tensor=blk.1.ffn_up_exps.weight dependency_distance=0
activation_b prefetch expert_id=5 tensor=blk.1.ffn_down_exps.weight dependency_distance=2
expert_parity max_abs=0 max_rel=0 mean_abs=0 tolerance=1e-5
activation_b expert_id=5 consumer_wait=not_instrumented acquire_release=recorded peak_active=1622016 peak_resident=8245248
activation_b expert_rank=4 expert_id=20 router_rank=4 graph_created=YES graph_refs=gate:0,up:1,down:2 storage_ref_base=60 score_preserved=YES
activation_b expert_id=20 selected_range tensor=blk.1.ffn_gate_exps.weight offset=115028448 bytes=563200 layout=DIRECT
activation_b expert_id=20 selected_range tensor=blk.1.ffn_up_exps.weight offset=151073264 bytes=563200 layout=DIRECT
activation_b expert_id=20 selected_range tensor=blk.1.ffn_down_exps.weight offset=208294400 bytes=1622016 layout=DIRECT
activation_b prefetch expert_id=20 tensor=blk.1.ffn_gate_exps.weight dependency_distance=0
activation_b prefetch expert_id=20 tensor=blk.1.ffn_up_exps.weight dependency_distance=0
activation_b prefetch expert_id=20 tensor=blk.1.ffn_down_exps.weight dependency_distance=2
expert_parity max_abs=0 max_rel=0 mean_abs=0 tolerance=1e-5
activation_b expert_id=20 consumer_wait=not_instrumented acquire_release=recorded peak_active=1622016 peak_resident=8245248
activation_b expert_rank=5 expert_id=35 router_rank=5 graph_created=YES graph_refs=gate:0,up:1,down:2 storage_ref_base=105 score_preserved=YES
activation_b expert_id=35 selected_range tensor=blk.1.ffn_gate_exps.weight offset=123476448 bytes=563200 layout=DIRECT
activation_b expert_id=35 selected_range tensor=blk.1.ffn_up_exps.weight offset=159521264 bytes=563200 layout=DIRECT
activation_b expert_id=35 selected_range tensor=blk.1.ffn_down_exps.weight offset=232624640 bytes=1622016 layout=DIRECT
activation_b prefetch expert_id=35 tensor=blk.1.ffn_gate_exps.weight dependency_distance=0
activation_b prefetch expert_id=35 tensor=blk.1.ffn_up_exps.weight dependency_distance=0
activation_b prefetch expert_id=35 tensor=blk.1.ffn_down_exps.weight dependency_distance=2
expert_parity max_abs=0 max_rel=0 mean_abs=0 tolerance=1e-5
activation_b expert_id=35 consumer_wait=not_instrumented acquire_release=recorded peak_active=1622016 peak_resident=8245248
activation_b residency_hits=36 residency_misses=42 source_reads=18 materialization_requests=18 source_policy_calls=18 evictions=18 resident_tensors_after=9
weighted_merge_parity max_abs=0 max_rel=0 mean_abs=0 tolerance=1e-5
activation_b selected_count=6 executed_count=6 final_merge=PASS weights=0.170098,0.168939,0.166564,0.165995,0.164623,0.163781,
activation_a_replay expert_rank=0 expert_id=37 router_rank=0 graph_created=YES graph_refs=gate:0,up:1,down:2 storage_ref_base=111 score_preserved=YES
activation_a_replay expert_id=37 selected_range tensor=blk.1.ffn_gate_exps.weight offset=124602848 bytes=563200 layout=DIRECT
activation_a_replay expert_id=37 selected_range tensor=blk.1.ffn_up_exps.weight offset=160647664 bytes=563200 layout=DIRECT
activation_a_replay expert_id=37 selected_range tensor=blk.1.ffn_down_exps.weight offset=235868672 bytes=1622016 layout=DIRECT
activation_a_replay prefetch expert_id=37 tensor=blk.1.ffn_gate_exps.weight dependency_distance=0
activation_a_replay prefetch expert_id=37 tensor=blk.1.ffn_up_exps.weight dependency_distance=0
activation_a_replay prefetch expert_id=37 tensor=blk.1.ffn_down_exps.weight dependency_distance=2
expert_parity max_abs=0 max_rel=0 mean_abs=0 tolerance=1e-5
activation_a_replay expert_id=37 consumer_wait=not_instrumented acquire_release=recorded peak_active=1622016 peak_resident=8245248
activation_a_replay expert_rank=1 expert_id=21 router_rank=1 graph_created=YES graph_refs=gate:0,up:1,down:2 storage_ref_base=63 score_preserved=YES
activation_a_replay expert_id=21 selected_range tensor=blk.1.ffn_gate_exps.weight offset=115591648 bytes=563200 layout=DIRECT
activation_a_replay expert_id=21 selected_range tensor=blk.1.ffn_up_exps.weight offset=151636464 bytes=563200 layout=DIRECT
activation_a_replay expert_id=21 selected_range tensor=blk.1.ffn_down_exps.weight offset=209916416 bytes=1622016 layout=DIRECT
activation_a_replay prefetch expert_id=21 tensor=blk.1.ffn_gate_exps.weight dependency_distance=0
activation_a_replay prefetch expert_id=21 tensor=blk.1.ffn_up_exps.weight dependency_distance=0
activation_a_replay prefetch expert_id=21 tensor=blk.1.ffn_down_exps.weight dependency_distance=2
expert_parity max_abs=0 max_rel=0 mean_abs=0 tolerance=1e-5
activation_a_replay expert_id=21 consumer_wait=not_instrumented acquire_release=recorded peak_active=1622016 peak_resident=8245248
activation_a_replay expert_rank=2 expert_id=31 router_rank=2 graph_created=YES graph_refs=gate:0,up:1,down:2 storage_ref_base=93 score_preserved=YES
activation_a_replay expert_id=31 selected_range tensor=blk.1.ffn_gate_exps.weight offset=121223648 bytes=563200 layout=DIRECT
activation_a_replay expert_id=31 selected_range tensor=blk.1.ffn_up_exps.weight offset=157268464 bytes=563200 layout=DIRECT
activation_a_replay expert_id=31 selected_range tensor=blk.1.ffn_down_exps.weight offset=226136576 bytes=1622016 layout=DIRECT
activation_a_replay prefetch expert_id=31 tensor=blk.1.ffn_gate_exps.weight dependency_distance=0
activation_a_replay prefetch expert_id=31 tensor=blk.1.ffn_up_exps.weight dependency_distance=0
activation_a_replay prefetch expert_id=31 tensor=blk.1.ffn_down_exps.weight dependency_distance=2
expert_parity max_abs=0 max_rel=0 mean_abs=0 tolerance=1e-5
activation_a_replay expert_id=31 consumer_wait=not_instrumented acquire_release=recorded peak_active=1622016 peak_resident=8245248
activation_a_replay expert_rank=3 expert_id=54 router_rank=3 graph_created=YES graph_refs=gate:0,up:1,down:2 storage_ref_base=162 score_preserved=YES
activation_a_replay expert_id=54 selected_range tensor=blk.1.ffn_gate_exps.weight offset=134177248 bytes=563200 layout=DIRECT
activation_a_replay expert_id=54 selected_range tensor=blk.1.ffn_up_exps.weight offset=170222064 bytes=563200 layout=DIRECT
activation_a_replay expert_id=54 selected_range tensor=blk.1.ffn_down_exps.weight offset=263442944 bytes=1622016 layout=DIRECT
activation_a_replay prefetch expert_id=54 tensor=blk.1.ffn_gate_exps.weight dependency_distance=0
activation_a_replay prefetch expert_id=54 tensor=blk.1.ffn_up_exps.weight dependency_distance=0
activation_a_replay prefetch expert_id=54 tensor=blk.1.ffn_down_exps.weight dependency_distance=2
expert_parity max_abs=0 max_rel=0 mean_abs=0 tolerance=1e-5
activation_a_replay expert_id=54 consumer_wait=not_instrumented acquire_release=recorded peak_active=1622016 peak_resident=8245248
activation_a_replay expert_rank=4 expert_id=6 router_rank=4 graph_created=YES graph_refs=gate:0,up:1,down:2 storage_ref_base=18 score_preserved=YES
activation_a_replay expert_id=6 selected_range tensor=blk.1.ffn_gate_exps.weight offset=107143648 bytes=563200 layout=DIRECT
activation_a_replay expert_id=6 selected_range tensor=blk.1.ffn_up_exps.weight offset=143188464 bytes=563200 layout=DIRECT
activation_a_replay expert_id=6 selected_range tensor=blk.1.ffn_down_exps.weight offset=185586176 bytes=1622016 layout=DIRECT
activation_a_replay prefetch expert_id=6 tensor=blk.1.ffn_gate_exps.weight dependency_distance=0
activation_a_replay prefetch expert_id=6 tensor=blk.1.ffn_up_exps.weight dependency_distance=0
activation_a_replay prefetch expert_id=6 tensor=blk.1.ffn_down_exps.weight dependency_distance=2
expert_parity max_abs=0 max_rel=0 mean_abs=0 tolerance=1e-5
activation_a_replay expert_id=6 consumer_wait=not_instrumented acquire_release=recorded peak_active=1622016 peak_resident=8245248
activation_a_replay expert_rank=5 expert_id=33 router_rank=5 graph_created=YES graph_refs=gate:0,up:1,down:2 storage_ref_base=99 score_preserved=YES
activation_a_replay expert_id=33 selected_range tensor=blk.1.ffn_gate_exps.weight offset=122350048 bytes=563200 layout=DIRECT
activation_a_replay expert_id=33 selected_range tensor=blk.1.ffn_up_exps.weight offset=158394864 bytes=563200 layout=DIRECT
activation_a_replay expert_id=33 selected_range tensor=blk.1.ffn_down_exps.weight offset=229380608 bytes=1622016 layout=DIRECT
activation_a_replay prefetch expert_id=33 tensor=blk.1.ffn_gate_exps.weight dependency_distance=0
activation_a_replay prefetch expert_id=33 tensor=blk.1.ffn_up_exps.weight dependency_distance=0
activation_a_replay prefetch expert_id=33 tensor=blk.1.ffn_down_exps.weight dependency_distance=2
expert_parity max_abs=0 max_rel=0 mean_abs=0 tolerance=1e-5
activation_a_replay expert_id=33 consumer_wait=not_instrumented acquire_release=recorded peak_active=1622016 peak_resident=8245248
activation_a_replay residency_hits=2 residency_misses=42 source_reads=1 materialization_requests=1 source_policy_calls=18 evictions=1 resident_tensors_after=9
weighted_merge_parity max_abs=0 max_rel=0 mean_abs=0 tolerance=1e-5
activation_a_replay selected_count=6 executed_count=6 final_merge=PASS weights=0.169033,0.168045,0.167963,0.166493,0.164634,0.163832,
selected_total_persistent_bytes=16490496 peak_active_persistent_bytes=1622016 peak_active_fraction=0.0983607 peak_resident_bytes=8245248
graphs_created_selected=6 graphs_created_unselected=0 unselected_acquired=0 unselected_source_reads=0 unselected_materializations=0
warm_reuse=PASS activation_a_to_b_working_set_transition=PASS activation_a_to_b_to_a=PASS
