{
  "capacity": [
    {
      "capacity": 8388608,
      "logical_bytes": 1462931456,
      "peak_active_bytes": 1892352,
      "peak_active_fraction": 0.00129353,
      "logical_active_ratio": 773.076,
      "unique_loaded": 283,
      "load_events": 928,
      "hits": 1856,
      "misses": 1824,
      "evictions": 920,
      "reload_events": 645,
      "unique_reloaded": 283,
      "reload_bytes": 516276224,
      "reload_fraction": 0.687758,
      "source_reads": 928,
      "source_bytes": 750665728,
      "peak_resident": 8363008,
      "average_resident": 7832462,
      "current_resident": 8312832,
      "configured_mib": 8,
      "unused_capacity": 25600,
      "utilization_percent": 99.69482421875,
      "source_bytes_avoided_vs_8m": 0,
      "reload_bytes_avoided_vs_8m": 0,
      "source_reduction_percent": 0.0,
      "reload_reduction_percent": 0.0
    },
    {
      "capacity": 33554432,
      "logical_bytes": 1462931456,
      "peak_active_bytes": 1892352,
      "peak_active_fraction": 0.00129353,
      "logical_active_ratio": 773.076,
      "unique_loaded": 283,
      "load_events": 928,
      "hits": 1856,
      "misses": 1824,
      "evictions": 890,
      "reload_events": 645,
      "unique_reloaded": 283,
      "reload_bytes": 516276224,
      "reload_fraction": 0.687758,
      "source_reads": 928,
      "source_bytes": 750665728,
      "peak_resident": 33554432,
      "average_resident": 32213864,
      "current_resident": 32238592,
      "configured_mib": 32,
      "unused_capacity": 0,
      "utilization_percent": 100.0,
      "source_bytes_avoided_vs_8m": 0,
      "reload_bytes_avoided_vs_8m": 0,
      "source_reduction_percent": 0.0,
      "reload_reduction_percent": 0.0
    },
    {
      "capacity": 67108864,
      "logical_bytes": 1462931456,
      "peak_active_bytes": 1892352,
      "peak_active_fraction": 0.00129353,
      "logical_active_ratio": 773.076,
      "unique_loaded": 283,
      "load_events": 928,
      "hits": 1856,
      "misses": 1824,
      "evictions": 849,
      "reload_events": 645,
      "unique_reloaded": 283,
      "reload_bytes": 516276224,
      "reload_fraction": 0.687758,
      "source_reads": 928,
      "source_bytes": 750665728,
      "peak_resident": 67082240,
      "average_resident": 63675701,
      "current_resident": 66594816,
      "configured_mib": 64,
      "unused_capacity": 26624,
      "utilization_percent": 99.9603271484375,
      "source_bytes_avoided_vs_8m": 0,
      "reload_bytes_avoided_vs_8m": 0,
      "source_reduction_percent": 0.0,
      "reload_reduction_percent": 0.0
    },
    {
      "capacity": 134217728,
      "logical_bytes": 1462931456,
      "peak_active_bytes": 1892352,
      "peak_active_fraction": 0.00129353,
      "logical_active_ratio": 773.076,
      "unique_loaded": 283,
      "load_events": 928,
      "hits": 1856,
      "misses": 1824,
      "evictions": 765,
      "reload_events": 645,
      "unique_reloaded": 283,
      "reload_bytes": 516276224,
      "reload_fraction": 0.687758,
      "source_reads": 928,
      "source_bytes": 750665728,
      "peak_resident": 134154240,
      "average_resident": 122353697,
      "current_resident": 133934080,
      "configured_mib": 128,
      "unused_capacity": 63488,
      "utilization_percent": 99.95269775390625,
      "source_bytes_avoided_vs_8m": 0,
      "reload_bytes_avoided_vs_8m": 0,
      "source_reduction_percent": 0.0,
      "reload_reduction_percent": 0.0
    },
    {
      "capacity": 268435456,
      "logical_bytes": 1462931456,
      "peak_active_bytes": 1892352,
      "peak_active_fraction": 0.00129353,
      "logical_active_ratio": 773.076,
      "unique_loaded": 283,
      "load_events": 283,
      "hits": 3105,
      "misses": 575,
      "evictions": 0,
      "reload_events": 0,
      "unique_reloaded": 0,
      "reload_bytes": 0,
      "reload_fraction": 0.0,
      "source_reads": 283,
      "source_bytes": 234389504,
      "peak_resident": 234389504,
      "average_resident": 187182641,
      "current_resident": 234389504,
      "configured_mib": 256,
      "unused_capacity": 34045952,
      "utilization_percent": 87.31689453125,
      "source_bytes_avoided_vs_8m": 516276224,
      "reload_bytes_avoided_vs_8m": 516276224,
      "source_reduction_percent": 68.77578191500972,
      "reload_reduction_percent": 100.0
    }
  ],
  "analysis": {
    "block_range": "blk.1..blk.8",
    "block_count": 8,
    "token_positions": [
      0,
      1
    ],
    "capacity_knee_bytes": 268435456,
    "reusable_bytes": 140943360,
    "retained_bytes": 5564416,
    "token0_only_bytes": 46723072,
    "token1_only_bytes": 46723072,
    "selected_in_both_routed_expert_bytes": 85200896,
    "retention_by_capacity": [
      {
        "capacity_mib": 8,
        "reusable_bytes": 140943360,
        "retained_bytes": 5564416,
        "token0_only_bytes": 46723072,
        "token1_only_bytes": 46723072,
        "selected_in_both_routed_expert_bytes": 85200896,
        "retention_rate": 0.03947980238302819
      },
      {
        "capacity_mib": 32,
        "reusable_bytes": 140943360,
        "retained_bytes": 26741760,
        "token0_only_bytes": 46723072,
        "token1_only_bytes": 46723072,
        "selected_in_both_routed_expert_bytes": 85200896,
        "retention_rate": 0.18973408892763732
      },
      {
        "capacity_mib": 64,
        "reusable_bytes": 140943360,
        "retained_bytes": 50104320,
        "token0_only_bytes": 46723072,
        "token1_only_bytes": 46723072,
        "selected_in_both_routed_expert_bytes": 85200896,
        "retention_rate": 0.3554925893635571
      },
      {
        "capacity_mib": 128,
        "reusable_bytes": 140943360,
        "retained_bytes": 95456256,
        "token0_only_bytes": 46723072,
        "token1_only_bytes": 46723072,
        "selected_in_both_routed_expert_bytes": 85200896,
        "retention_rate": 0.6772667829119442
      },
      {
        "capacity_mib": 256,
        "reusable_bytes": 140943360,
        "retained_bytes": 140943360,
        "token0_only_bytes": 46723072,
        "token1_only_bytes": 46723072,
        "selected_in_both_routed_expert_bytes": 85200896,
        "retention_rate": 1.0
      }
    ],
    "always_required_reuse_bytes": 55742464,
    "routed_expert_reuse_bytes": 85200896,
    "reuse_distance_buckets": {
      "<=256MiB": 181,
      "<=8MiB": 448
    }
  }
}
